error: Mismatched type parameters

        @ __ROOT__/tests/fixtures/type_parameter_mismatch.rb:1
      1 |  module Enumerable::[Mismatched]
                  ^^^^^^^^^^^^^^^^^^^^^^^^ here
        @ (builtin stdlib):###
    ### |  module Enumerable::[EnumType]
                  ^^^^^^^^^^^^^^^^^^^^^^ previous definition here

error: Mismatched type parameters

        @ __ROOT__/tests/fixtures/type_parameter_mismatch.rb:4
      4 |  class Array::[Nope]
                 ^^^^^^^^^^^^^ here
        @ (builtin stdlib):###
    ### |  class Array::[ElementType] < Object
                 ^^^^^^^^^^^^^^^^^^^^ previous definition here
